// Jest Snapshot v1, https://jestjs.io/docs/snapshot-testing

exports[`MethodRegistry the full set of registered method names is stable (drift guard) 1`] = `
[
  "blueprint.assignSystem",
  "client.callBackgroundPeripheralDeviceFunction",
  "client.callPeripheralDeviceAction",
  "client.callPeripheralDeviceFunction",
  "client.clientErrorReport",
  "client.clientLogNotification",
  "client.clientLogger",
  "debug_clearAllResetInstances",
  "debug_forceClearAllCaches",
  "debug_playlistRunBlueprints",
  "debug_previewTrigger",
  "debug_regenerateNextPartInstance",
  "debug_removeAllPlaylists",
  "debug_removePlaylist",
  "debug_segmentRunBlueprints",
  "debug_syncPlayheadInfinitesForNextPartInstance",
  "debug_updateTimeline",
  "externalMessages.remove",
  "externalMessages.retry",
  "externalMessages.toggleHold",
  "migration.fixupConfigForShowStyleBase",
  "migration.fixupConfigForStudio",
  "migration.forceMigration",
  "migration.getMigrationStatus",
  "migration.ignoreFixupConfigForShowStyleBase",
  "migration.ignoreFixupConfigForStudio",
  "migration.resetDatabaseVersions",
  "migration.runMigration",
  "migration.runUpgradeForCoreSystem",
  "migration.runUpgradeForShowStyleBase",
  "migration.runUpgradeForStudio",
  "migration.validateConfigForShowStyleBase",
  "migration.validateConfigForStudio",
  "mongo.insert",
  "mongo.remove",
  "mongo.update",
  "peripheralDevice.functionReply",
  "peripheralDevice.getPeripheralDevice",
  "peripheralDevice.initialize",
  "peripheralDevice.input.inputDeviceTrigger",
  "peripheralDevice.killProcess",
  "peripheralDevice.mediaScanner.clearMediaObjectCollection",
  "peripheralDevice.mediaScanner.getMediaObjectRevisions",
  "peripheralDevice.mediaScanner.updateMediaObject",
  "peripheralDevice.mos.roCreate",
  "peripheralDevice.mos.roDelete",
  "peripheralDevice.mos.roFullStory",
  "peripheralDevice.mos.roItemDelete",
  "peripheralDevice.mos.roItemInsert",
  "peripheralDevice.mos.roItemMove",
  "peripheralDevice.mos.roItemReplace",
  "peripheralDevice.mos.roItemStatus",
  "peripheralDevice.mos.roItemSwap",
  "peripheralDevice.mos.roMetadata",
  "peripheralDevice.mos.roReadyToAir",
  "peripheralDevice.mos.roReplace",
  "peripheralDevice.mos.roStatus",
  "peripheralDevice.mos.roStoryDelete",
  "peripheralDevice.mos.roStoryInsert",
  "peripheralDevice.mos.roStoryMove",
  "peripheralDevice.mos.roStoryReplace",
  "peripheralDevice.mos.roStoryStatus",
  "peripheralDevice.mos.roStorySwap",
  "peripheralDevice.packageManager.fetchPackageInfoMetadata",
  "peripheralDevice.packageManager.removeAllExpectedPackageWorkStatusOfDevice",
  "peripheralDevice.packageManager.removeAllPackageContainerPackageStatusesOfDevice",
  "peripheralDevice.packageManager.removeAllPackageContainerStatusesOfDevice",
  "peripheralDevice.packageManager.removePackageInfo",
  "peripheralDevice.packageManager.updateExpectedPackageWorkStatuses",
  "peripheralDevice.packageManager.updatePackageContainerPackageStatuses",
  "peripheralDevice.packageManager.updatePackageContainerStatuses",
  "peripheralDevice.packageManager.updatePackageInfo",
  "peripheralDevice.ping",
  "peripheralDevice.pingWithCommand",
  "peripheralDevice.playlist.playlistGet",
  "peripheralDevice.playout.playbackChanged",
  "peripheralDevice.playout.reportExternalEvents",
  "peripheralDevice.removePeripheralDevice",
  "peripheralDevice.reportResolveDone",
  "peripheralDevice.rundown.partCreate",
  "peripheralDevice.rundown.partDelete",
  "peripheralDevice.rundown.partUpdate",
  "peripheralDevice.rundown.rundownCreate",
  "peripheralDevice.rundown.rundownDelete",
  "peripheralDevice.rundown.rundownGet",
  "peripheralDevice.rundown.rundownList",
  "peripheralDevice.rundown.rundownMetaDataUpdate",
  "peripheralDevice.rundown.rundownUpdate",
  "peripheralDevice.rundown.segmentCreate",
  "peripheralDevice.rundown.segmentDelete",
  "peripheralDevice.rundown.segmentGet",
  "peripheralDevice.rundown.segmentRanksUpdate",
  "peripheralDevice.rundown.segmentUpdate",
  "peripheralDevice.spreadsheet.requestUserAuthToken",
  "peripheralDevice.spreadsheet.storeAccessToken",
  "peripheralDevice.status",
  "peripheralDevice.testMethod",
  "peripheralDevice.timeline.setTimelineTriggerTime",
  "peripheralDevice.unInitialize",
  "playout.shouldUpdateStudioBaseline",
  "playout.updateStudioBaseline",
  "rundown.rundownPlaylistNeedsResync",
  "rundownLayout.createRundownLayout",
  "rundownLayout.removeRundownLayout",
  "showstyles.getCreateAdlibTestingRundownOptions",
  "showstyles.importShowStyleVariant",
  "showstyles.importShowStyleVariantAsNew",
  "showstyles.insertBlueprint",
  "showstyles.insertShowStyleBase",
  "showstyles.insertShowStyleVariant",
  "showstyles.removeBlueprint",
  "showstyles.removeShowStyleBase",
  "showstyles.removeShowStyleVariant",
  "showstyles.reorderShowStyleVariant",
  "snapshot.debugSnaphot",
  "snapshot.removeSnaphot",
  "snapshot.restoreSnaphot",
  "snapshot.rundownPlaylistSnapshot",
  "snapshot.systemSnapshot",
  "studio.assignConfigToPeripheralDevice",
  "studio.insertStudio",
  "studio.removeStudio",
  "system.cleanupIndexes",
  "system.cleanupOldData",
  "system.doSystemBenchmark",
  "system.generateSingleUseToken",
  "system.getTranslationBundle",
  "system.runCronjob",
  "systemStatus.getDebugStates",
  "systemStatus.getSystemStatus",
  "systemTime.determineDiffTime",
  "systemTime.getTime",
  "systemTime.getTimeDiff",
  "triggeredActions.createTriggeredActions",
  "triggeredActions.removeTriggeredActions",
  "user.getUserPermissions",
  "userAction.DEBUG_crashStudioWorker",
  "userAction.activate",
  "userAction.activateAdlibTestingMode",
  "userAction.activateHold",
  "userAction.baselineAdLibPieceStart",
  "userAction.blurred",
  "userAction.bucketAdlibImport",
  "userAction.bucketAdlibStart",
  "userAction.bucketsModifyBucketAdLib",
  "userAction.bucketsModifyBucketAdLibAction",
  "userAction.bucketsSaveActionIntoBucket",
  "userAction.clearQuickLoop",
  "userAction.createAdlibTestingRundownForShowStyleVariant",
  "userAction.createBucket",
  "userAction.deactivate",
  "userAction.disableNextPiece",
  "userAction.emptyBucket",
  "userAction.executeAction",
  "userAction.executeUserChangeOperation",
  "userAction.focused",
  "userAction.forceResetAndActivate",
  "userAction.ingest.regenerateRundownPlaylist",
  "userAction.modifyBucket",
  "userAction.moveNext",
  "userAction.moveRundown",
  "userAction.packagemanager.abortExpectation",
  "userAction.packagemanager.restartAllExpectations",
  "userAction.packagemanager.restartExpectation",
  "userAction.packagemanager.restartPackageContainer",
  "userAction.pieceSetInOutPoints",
  "userAction.pieceTakeNow",
  "userAction.prepareForBroadcast",
  "userAction.queueNextSegment",
  "userAction.removeBucket",
  "userAction.removeBucketAdLib",
  "userAction.removeBucketAdLibAction",
  "userAction.removeRundown",
  "userAction.removeRundownPlaylist",
  "userAction.resetAndActivate",
  "userAction.resetRundownPlaylist",
  "userAction.restoreRundownOrder",
  "userAction.resyncRundown",
  "userAction.resyncRundownPlaylist",
  "userAction.saveEvaluation",
  "userAction.segmentAdLibPieceStart",
  "userAction.setNext",
  "userAction.setNextSegment",
  "userAction.setQuickLoopEnd",
  "userAction.setQuickLoopStart",
  "userAction.sourceLayerOnPartStop",
  "userAction.sourceLayerStickyPieceStart",
  "userAction.storeRundownSnapshot",
  "userAction.switchRouteSet",
  "userAction.system.disablePeripheralSubDevice",
  "userAction.system.restartCore",
  "userAction.take",
  "userAction.unsyncRundown",
]
`;
