// Jest Snapshot v1, https://jestjs.io/docs/snapshot-testing

exports[`PublicationRegistry the full set of registered publication names is stable (drift guard) 1`] = `
[
  "adLibActions",
  "adLibActionsForPart",
  "adLibPieces",
  "adLibPiecesForPart",
  "blueprints",
  "bucketAdLibActions",
  "bucketAdLibPieces",
  "buckets",
  "coreSystem",
  "deviceTriggersPreview",
  "evaluations",
  "expectedPackageWorkStatuses",
  "expectedPackages",
  "expectedPlayoutItemsForDevice",
  "externalEventSubscriptionsForDevice",
  "externalMessageQueue",
  "ingestDataCache",
  "ingestDeviceRundownStatus",
  "ingestDeviceRundownStatusTestTool",
  "mappingsForDevice",
  "mappingsForStudio",
  "mountedTriggersForDevice",
  "mountedTriggersForDevicePreview",
  "notificationsForRundown",
  "notificationsForRundownPlaylist",
  "packageContainerStatuses",
  "packageInfos",
  "packageManagerExpectedPackages",
  "packageManagerPackageContainers",
  "packageManagerPlayoutContext",
  "partInstances",
  "partInstancesSimple",
  "parts",
  "peripheralDeviceCommands",
  "peripheralDeviceForDevice",
  "peripheralDevices",
  "peripheralDevicesAndSubDevices",
  "pieceInstances",
  "pieceInstancesSimple",
  "pieces",
  "piecesInfiniteStartingBefore",
  "rundownBaselineAdLibActions",
  "rundownBaselineAdLibPieces",
  "rundownLayouts",
  "rundownPlaylistForStudio",
  "rundownPlaylists",
  "rundownsForDevice",
  "rundownsInPlaylists",
  "rundownsWithShowStyleBases",
  "segments",
  "showStyleBases",
  "showStyleVariants",
  "snapshots",
  "studios",
  "timelineDatastore",
  "timelineDatastoreForDevice",
  "timelineForDevice",
  "timelineForStudio",
  "translationsBundles",
  "triggeredActions",
  "uiBlueprintUpgradeStatuses",
  "uiBucketContentStatuses",
  "uiPartInstances",
  "uiParts",
  "uiPieceContentStatuses",
  "uiSegmentPartNotes",
  "uiShowStyleBase",
  "uiStudio",
  "uiTriggeredActions",
  "userActionsLog",
]
`;
